Archive member included because of file (symbol)

c:/program files (x86)/gnu tools arm embedded/4.8 2014q2/bin/../lib/gcc/arm-none-eabi/4.8.4/../../../../arm-none-eabi/lib/armv7e-m/fpu\libg.a(lib_a-memcpy.o)
                              ..\obj\queue.o (memcpy)
c:/program files (x86)/gnu tools arm embedded/4.8 2014q2/bin/../lib/gcc/arm-none-eabi/4.8.4/../../../../arm-none-eabi/lib/armv7e-m/fpu\libg.a(lib_a-memset.o)
                              ..\obj\tasks.o (memset)

Allocating common symbols
Common symbol       size              file

xQueueRegistry      0x40              ..\obj\queue.o

Discarded input sections

 .text          0x00000000        0x0 ..\obj\semihosting.o
 .data          0x00000000        0x0 ..\obj\semihosting.o
 .text.SH_SendString
                0x00000000       0x24 ..\obj\semihosting.o
 .text.SH_GetChar
                0x00000000       0x40 ..\obj\semihosting.o
 .text          0x00000000        0x0 ..\obj\stm32f4xx_syscfg.o
 .data          0x00000000        0x0 ..\obj\stm32f4xx_syscfg.o
 .bss           0x00000000        0x0 ..\obj\stm32f4xx_syscfg.o
 .text.SYSCFG_DeInit
                0x00000000       0x1c ..\obj\stm32f4xx_syscfg.o
 .text.SYSCFG_MemoryRemapConfig
                0x00000000       0x20 ..\obj\stm32f4xx_syscfg.o
 .text.SYSCFG_EXTILineConfig
                0x00000000       0x7c ..\obj\stm32f4xx_syscfg.o
 .text.SYSCFG_ETH_MediaInterfaceConfig
                0x00000000       0x1c ..\obj\stm32f4xx_syscfg.o
 .text.SYSCFG_CompensationCellCmd
                0x00000000       0x20 ..\obj\stm32f4xx_syscfg.o
 .text.SYSCFG_GetCompensationCellStatus
                0x00000000       0x34 ..\obj\stm32f4xx_syscfg.o
 .debug_info    0x00000000      0x26c ..\obj\stm32f4xx_syscfg.o
 .debug_abbrev  0x00000000      0x131 ..\obj\stm32f4xx_syscfg.o
 .debug_aranges
                0x00000000       0x48 ..\obj\stm32f4xx_syscfg.o
 .debug_ranges  0x00000000       0x38 ..\obj\stm32f4xx_syscfg.o
 .debug_line    0x00000000      0x22c ..\obj\stm32f4xx_syscfg.o
 .debug_str     0x00000000      0x319 ..\obj\stm32f4xx_syscfg.o
 .comment       0x00000000       0x71 ..\obj\stm32f4xx_syscfg.o
 .ARM.attributes
                0x00000000       0x39 ..\obj\stm32f4xx_syscfg.o
 .debug_frame   0x00000000       0xbc ..\obj\stm32f4xx_syscfg.o
 .text          0x00000000        0x0 ..\obj\startup_stm32f4xx.o
 .data          0x00000000        0x0 ..\obj\startup_stm32f4xx.o
 .bss           0x00000000        0x0 ..\obj\startup_stm32f4xx.o
 .text          0x00000000        0x0 ..\obj\main.o
 .data          0x00000000        0x0 ..\obj\main.o
 .text          0x00000000        0x0 ..\obj\stm32f4xx_rcc.o
 .data          0x00000000       0x10 ..\obj\stm32f4xx_rcc.o
 .bss           0x00000000        0x0 ..\obj\stm32f4xx_rcc.o
 .text.RCC_DeInit
                0x00000000       0x50 ..\obj\stm32f4xx_rcc.o
 .text.RCC_HSEConfig
                0x00000000       0x24 ..\obj\stm32f4xx_rcc.o
 .text.RCC_WaitForHSEStartUp
                0x00000000       0x50 ..\obj\stm32f4xx_rcc.o
 .text.RCC_AdjustHSICalibrationValue
                0x00000000       0x3c ..\obj\stm32f4xx_rcc.o
 .text.RCC_HSICmd
                0x00000000       0x20 ..\obj\stm32f4xx_rcc.o
 .text.RCC_LSEConfig
                0x00000000       0x40 ..\obj\stm32f4xx_rcc.o
 .text.RCC_LSICmd
                0x00000000       0x20 ..\obj\stm32f4xx_rcc.o
 .text.RCC_PLLConfig
                0x00000000       0x3c ..\obj\stm32f4xx_rcc.o
 .text.RCC_PLLCmd
                0x00000000       0x20 ..\obj\stm32f4xx_rcc.o
 .text.RCC_PLLI2SConfig
                0x00000000       0x28 ..\obj\stm32f4xx_rcc.o
 .text.RCC_PLLI2SCmd
                0x00000000       0x20 ..\obj\stm32f4xx_rcc.o
 .text.RCC_ClockSecuritySystemCmd
                0x00000000       0x20 ..\obj\stm32f4xx_rcc.o
 .text.RCC_MCO1Config
                0x00000000       0x3c ..\obj\stm32f4xx_rcc.o
 .text.RCC_MCO2Config
                0x00000000       0x3c ..\obj\stm32f4xx_rcc.o
 .text.RCC_SYSCLKConfig
                0x00000000       0x38 ..\obj\stm32f4xx_rcc.o
 .text.RCC_GetSYSCLKSource
                0x00000000       0x20 ..\obj\stm32f4xx_rcc.o
 .text.RCC_HCLKConfig
                0x00000000       0x38 ..\obj\stm32f4xx_rcc.o
 .text.RCC_PCLK1Config
                0x00000000       0x38 ..\obj\stm32f4xx_rcc.o
 .text.RCC_PCLK2Config
                0x00000000       0x38 ..\obj\stm32f4xx_rcc.o
 .text.RCC_GetClocksFreq
                0x00000000      0x154 ..\obj\stm32f4xx_rcc.o
 .text.RCC_RTCCLKConfig
                0x00000000       0x5c ..\obj\stm32f4xx_rcc.o
 .text.RCC_RTCCLKCmd
                0x00000000       0x20 ..\obj\stm32f4xx_rcc.o
 .text.RCC_BackupResetCmd
                0x00000000       0x20 ..\obj\stm32f4xx_rcc.o
 .text.RCC_I2SCLKConfig
                0x00000000       0x1c ..\obj\stm32f4xx_rcc.o
 .text.RCC_AHB2PeriphClockCmd
                0x00000000       0x3c ..\obj\stm32f4xx_rcc.o
 .text.RCC_AHB3PeriphClockCmd
                0x00000000       0x3c ..\obj\stm32f4xx_rcc.o
 .text.RCC_APB1PeriphClockCmd
                0x00000000       0x3c ..\obj\stm32f4xx_rcc.o
 .text.RCC_APB2PeriphClockCmd
                0x00000000       0x3c ..\obj\stm32f4xx_rcc.o
 .text.RCC_AHB1PeriphResetCmd
                0x00000000       0x3c ..\obj\stm32f4xx_rcc.o
 .text.RCC_AHB2PeriphResetCmd
                0x00000000       0x3c ..\obj\stm32f4xx_rcc.o
 .text.RCC_AHB3PeriphResetCmd
                0x00000000       0x3c ..\obj\stm32f4xx_rcc.o
 .text.RCC_APB1PeriphResetCmd
                0x00000000       0x3c ..\obj\stm32f4xx_rcc.o
 .text.RCC_APB2PeriphResetCmd
                0x00000000       0x3c ..\obj\stm32f4xx_rcc.o
 .text.RCC_AHB1PeriphClockLPModeCmd
                0x00000000       0x3c ..\obj\stm32f4xx_rcc.o
 .text.RCC_AHB2PeriphClockLPModeCmd
                0x00000000       0x3c ..\obj\stm32f4xx_rcc.o
 .text.RCC_AHB3PeriphClockLPModeCmd
                0x00000000       0x3c ..\obj\stm32f4xx_rcc.o
 .text.RCC_APB1PeriphClockLPModeCmd
                0x00000000       0x3c ..\obj\stm32f4xx_rcc.o
 .text.RCC_APB2PeriphClockLPModeCmd
                0x00000000       0x3c ..\obj\stm32f4xx_rcc.o
 .text.RCC_ITConfig
                0x00000000       0x48 ..\obj\stm32f4xx_rcc.o
 .text.RCC_GetFlagStatus
                0x00000000       0x74 ..\obj\stm32f4xx_rcc.o
 .text.RCC_ClearFlag
                0x00000000       0x1c ..\obj\stm32f4xx_rcc.o
 .text.RCC_GetITStatus
                0x00000000       0x38 ..\obj\stm32f4xx_rcc.o
 .text.RCC_ClearITPendingBit
                0x00000000       0x20 ..\obj\stm32f4xx_rcc.o
 .text          0x00000000        0x0 ..\obj\timers.o
 .data          0x00000000        0x0 ..\obj\timers.o
 .text.xTimerCreate
                0x00000000       0x6c ..\obj\timers.o
 .text.pcTimerGetTimerName
                0x00000000       0x1c ..\obj\timers.o
 .text.xTimerIsTimerActive
                0x00000000       0x30 ..\obj\timers.o
 .text.pvTimerGetTimerID
                0x00000000       0x1c ..\obj\timers.o
 .text          0x00000000        0x0 ..\obj\printf.o
 .bss           0x00000000        0x0 ..\obj\printf.o
 .text.snprintf
                0x00000000       0x30 ..\obj\printf.o
 .text.fprintf  0x00000000       0x2c ..\obj\printf.o
 .text.sprintf  0x00000000       0x2c ..\obj\printf.o
 .text.puts     0x00000000       0x24 ..\obj\printf.o
 .text          0x00000000        0x0 ..\obj\tasks.o
 .text.vTaskDelete
                0x00000000       0xac ..\obj\tasks.o
 .text.vTaskDelayUntil
                0x00000000       0xc0 ..\obj\tasks.o
 .text.vTaskDelay
                0x00000000       0x64 ..\obj\tasks.o
 .text.uxTaskPriorityGet
                0x00000000       0x34 ..\obj\tasks.o
 .text.vTaskPrioritySet
                0x00000000      0x124 ..\obj\tasks.o
 .text.vTaskSuspend
                0x00000000       0xb8 ..\obj\tasks.o
 .text.prvTaskIsTaskSuspended
                0x00000000       0x64 ..\obj\tasks.o
 .text.vTaskResume
                0x00000000       0x9c ..\obj\tasks.o
 .text.xTaskResumeFromISR
                0x00000000       0xb8 ..\obj\tasks.o
 .text.vTaskEndScheduler
                0x00000000       0x18 ..\obj\tasks.o
 .text.xTaskGetTickCountFromISR
                0x00000000       0x2c ..\obj\tasks.o
 .text.uxTaskGetNumberOfTasks
                0x00000000       0x18 ..\obj\tasks.o
 .text.uxTaskGetSystemState
                0x00000000       0xf8 ..\obj\tasks.o
 .text.vTaskPlaceOnUnorderedEventList
                0x00000000       0x8c ..\obj\tasks.o
 .text.xTaskRemoveFromUnorderedEventList
                0x00000000       0xb0 ..\obj\tasks.o
 .text.uxTaskGetTaskNumber
                0x00000000       0x2c ..\obj\tasks.o
 .text.vTaskSetTaskNumber
                0x00000000       0x24 ..\obj\tasks.o
 .text.prvListTaskWithinSingleList
                0x00000000      0x118 ..\obj\tasks.o
 .text.prvTaskCheckFreeStackSpace
                0x00000000       0x38 ..\obj\tasks.o
 .text.uxTaskResetEventItemValue
                0x00000000       0x30 ..\obj\tasks.o
 .text          0x00000000        0x0 ..\obj\stm32f4xx_gpio.o
 .data          0x00000000        0x0 ..\obj\stm32f4xx_gpio.o
 .bss           0x00000000        0x0 ..\obj\stm32f4xx_gpio.o
 .text.GPIO_DeInit
                0x00000000      0x120 ..\obj\stm32f4xx_gpio.o
 .text.GPIO_PinLockConfig
                0x00000000       0x44 ..\obj\stm32f4xx_gpio.o
 .text.GPIO_ReadInputDataBit
                0x00000000       0x34 ..\obj\stm32f4xx_gpio.o
 .text.GPIO_ReadInputData
                0x00000000       0x1c ..\obj\stm32f4xx_gpio.o
 .text.GPIO_ReadOutputDataBit
                0x00000000       0x34 ..\obj\stm32f4xx_gpio.o
 .text.GPIO_ReadOutputData
                0x00000000       0x1c ..\obj\stm32f4xx_gpio.o
 .text.GPIO_SetBits
                0x00000000       0x1c ..\obj\stm32f4xx_gpio.o
 .text.GPIO_ResetBits
                0x00000000       0x1c ..\obj\stm32f4xx_gpio.o
 .text.GPIO_Write
                0x00000000       0x1c ..\obj\stm32f4xx_gpio.o
 .text.GPIO_ToggleBits
                0x00000000       0x24 ..\obj\stm32f4xx_gpio.o
 .text.GPIO_PinAFConfig
                0x00000000       0x8c ..\obj\stm32f4xx_gpio.o
 .data          0x00000000        0x0 ..\obj\sh_cmd.o
 .bss           0x00000000        0x0 ..\obj\sh_cmd.o
 .text          0x00000000        0x0 ..\obj\list.o
 .data          0x00000000        0x0 ..\obj\list.o
 .bss           0x00000000        0x0 ..\obj\list.o
 .text          0x00000000        0x0 ..\obj\system_stm32f4xx.o
 .bss           0x00000000        0x0 ..\obj\system_stm32f4xx.o
 .text.SystemInit
                0x00000000       0x68 ..\obj\system_stm32f4xx.o
 .text.SystemCoreClockUpdate
                0x00000000       0xf8 ..\obj\system_stm32f4xx.o
 .text.SetSysClock
                0x00000000       0xf4 ..\obj\system_stm32f4xx.o
 .text          0x00000000        0x0 ..\obj\syscalls.o
 .data          0x00000000        0x0 ..\obj\syscalls.o
 .bss           0x00000000        0x4 ..\obj\syscalls.o
 .text._sbrk    0x00000000       0x40 ..\obj\syscalls.o
 .text.link     0x00000000       0x1c ..\obj\syscalls.o
 .text._close   0x00000000       0x18 ..\obj\syscalls.o
 .text._fstat   0x00000000       0x20 ..\obj\syscalls.o
 .text._isatty  0x00000000       0x18 ..\obj\syscalls.o
 .text._lseek   0x00000000       0x1c ..\obj\syscalls.o
 .text._read    0x00000000       0x1c ..\obj\syscalls.o
 .text._write   0x00000000       0x1c ..\obj\syscalls.o
 .text.abort    0x00000000        0x8 ..\obj\syscalls.o
 .debug_info    0x00000000      0x3ee ..\obj\syscalls.o
 .debug_abbrev  0x00000000       0xe2 ..\obj\syscalls.o
 .debug_aranges
                0x00000000       0x60 ..\obj\syscalls.o
 .debug_ranges  0x00000000       0x50 ..\obj\syscalls.o
 .debug_line    0x00000000      0x175 ..\obj\syscalls.o
 .debug_str     0x00000000      0x301 ..\obj\syscalls.o
 .comment       0x00000000       0x71 ..\obj\syscalls.o
 .ARM.attributes
                0x00000000       0x39 ..\obj\syscalls.o
 .debug_frame   0x00000000      0x108 ..\obj\syscalls.o
 .text          0x00000000        0x0 ..\obj\queue.o
 .data          0x00000000        0x0 ..\obj\queue.o
 .bss           0x00000000        0x0 ..\obj\queue.o
 .text.xQueueCreateMutex
                0x00000000       0x90 ..\obj\queue.o
 .text.xQueueGiveMutexRecursive
                0x00000000       0x58 ..\obj\queue.o
 .text.xQueueTakeMutexRecursive
                0x00000000       0x60 ..\obj\queue.o
 .text.xQueueCreateCountingSemaphore
                0x00000000       0x54 ..\obj\queue.o
 .text.xQueueReceiveFromISR
                0x00000000       0xb4 ..\obj\queue.o
 .text.xQueuePeekFromISR
                0x00000000       0x78 ..\obj\queue.o
 .text.uxQueueMessagesWaiting
                0x00000000       0x2c ..\obj\queue.o
 .text.uxQueueSpacesAvailable
                0x00000000       0x38 ..\obj\queue.o
 .text.uxQueueMessagesWaitingFromISR
                0x00000000       0x24 ..\obj\queue.o
 .text.vQueueDelete
                0x00000000       0x3c ..\obj\queue.o
 .text.uxQueueGetQueueNumber
                0x00000000       0x18 ..\obj\queue.o
 .text.vQueueSetQueueNumber
                0x00000000       0x1c ..\obj\queue.o
 .text.ucQueueGetQueueType
                0x00000000       0x1c ..\obj\queue.o
 .text.xQueueIsQueueEmptyFromISR
                0x00000000       0x30 ..\obj\queue.o
 .text.xQueueIsQueueFullFromISR
                0x00000000       0x34 ..\obj\queue.o
 .text.vQueueUnregisterQueue
                0x00000000       0x44 ..\obj\queue.o
 .text          0x00000000        0x0 ..\obj\port.o
 .rodata        0x00000000        0x4 ..\obj\port.o
 .text.vPortEndScheduler
                0x00000000       0x1c ..\obj\port.o
 .text          0x00000000        0x0 ..\obj\stm32f4xx_exti.o
 .data          0x00000000        0x0 ..\obj\stm32f4xx_exti.o
 .bss           0x00000000        0x0 ..\obj\stm32f4xx_exti.o
 .text.EXTI_DeInit
                0x00000000       0x34 ..\obj\stm32f4xx_exti.o
 .text.EXTI_Init
                0x00000000       0xdc ..\obj\stm32f4xx_exti.o
 .text.EXTI_StructInit
                0x00000000       0x2c ..\obj\stm32f4xx_exti.o
 .text.EXTI_GenerateSWInterrupt
                0x00000000       0x24 ..\obj\stm32f4xx_exti.o
 .text.EXTI_GetFlagStatus
                0x00000000       0x34 ..\obj\stm32f4xx_exti.o
 .text.EXTI_ClearFlag
                0x00000000       0x1c ..\obj\stm32f4xx_exti.o
 .text.EXTI_GetITStatus
                0x00000000       0x48 ..\obj\stm32f4xx_exti.o
 .text.EXTI_ClearITPendingBit
                0x00000000       0x1c ..\obj\stm32f4xx_exti.o
 .debug_info    0x00000000      0x347 ..\obj\stm32f4xx_exti.o
 .debug_abbrev  0x00000000      0x1a5 ..\obj\stm32f4xx_exti.o
 .debug_aranges
                0x00000000       0x58 ..\obj\stm32f4xx_exti.o
 .debug_ranges  0x00000000       0x48 ..\obj\stm32f4xx_exti.o
 .debug_line    0x00000000      0x2bc ..\obj\stm32f4xx_exti.o
 .debug_str     0x00000000      0x37e ..\obj\stm32f4xx_exti.o
 .comment       0x00000000       0x71 ..\obj\stm32f4xx_exti.o
 .ARM.attributes
                0x00000000       0x39 ..\obj\stm32f4xx_exti.o
 .debug_frame   0x00000000       0xec ..\obj\stm32f4xx_exti.o
 .text          0x00000000        0x0 ..\obj\heap_2.o
 .rodata        0x00000000        0x2 ..\obj\heap_2.o
 .text.xPortGetFreeHeapSize
                0x00000000       0x18 ..\obj\heap_2.o
 .text.vPortInitialiseBlocks
                0x00000000        0xc ..\obj\heap_2.o
 .data          0x00000000        0x0 c:/program files (x86)/gnu tools arm embedded/4.8 2014q2/bin/../lib/gcc/arm-none-eabi/4.8.4/../../../../arm-none-eabi/lib/armv7e-m/fpu\libg.a(lib_a-memcpy.o)
 .bss           0x00000000        0x0 c:/program files (x86)/gnu tools arm embedded/4.8 2014q2/bin/../lib/gcc/arm-none-eabi/4.8.4/../../../../arm-none-eabi/lib/armv7e-m/fpu\libg.a(lib_a-memcpy.o)
 .text          0x00000000        0x0 c:/program files (x86)/gnu tools arm embedded/4.8 2014q2/bin/../lib/gcc/arm-none-eabi/4.8.4/../../../../arm-none-eabi/lib/armv7e-m/fpu\libg.a(lib_a-memset.o)
 .data          0x00000000        0x0 c:/program files (x86)/gnu tools arm embedded/4.8 2014q2/bin/../lib/gcc/arm-none-eabi/4.8.4/../../../../arm-none-eabi/lib/armv7e-m/fpu\libg.a(lib_a-memset.o)
 .bss           0x00000000        0x0 c:/program files (x86)/gnu tools arm embedded/4.8 2014q2/bin/../lib/gcc/arm-none-eabi/4.8.4/../../../../arm-none-eabi/lib/armv7e-m/fpu\libg.a(lib_a-memset.o)

Memory Configuration

Name             Origin             Length             Attributes
rom              0x08000000         0x00100000         xr
ram              0x20000000         0x00020000         xrw
ram1             0x10000000         0x00010000         xrw
*default*        0x00000000         0xffffffff

Linker script and memory map

                0x20020000                _eram = 0x20020000

.text           0x08000000     0x2de8
 *(.isr_vector)
 .isr_vector    0x08000000      0x188 ..\obj\startup_stm32f4xx.o
                0x08000000                g_pfnVectors
 *(.text*)
 .text.SH_SendChar
                0x08000188       0x64 ..\obj\semihosting.o
                0x08000188                SH_SendChar
 .text.Default_Reset_Handler
                0x080001ec       0x6c ..\obj\startup_stm32f4xx.o
                0x080001ec                Default_Reset_Handler
                0x080001ec                Reset_Handler
 .text.Default_Handler
                0x08000258        0x8 ..\obj\startup_stm32f4xx.o
                0x08000258                RTC_Alarm_IRQHandler
                0x08000258                HASH_RNG_IRQHandler
                0x08000258                EXTI2_IRQHandler
                0x08000258                TIM8_CC_IRQHandler
                0x08000258                DebugMon_Handler
                0x08000258                TIM1_CC_IRQHandler
                0x08000258                DMA2_Stream5_IRQHandler
                0x08000258                DMA1_Stream5_IRQHandler
                0x08000258                PVD_IRQHandler
                0x08000258                SDIO_IRQHandler
                0x08000258                TAMP_STAMP_IRQHandler
                0x08000258                NMI_Handler
                0x08000258                CAN2_RX1_IRQHandler
                0x08000258                EXTI3_IRQHandler
                0x08000258                TIM8_TRG_COM_TIM14_IRQHandler
                0x08000258                TIM1_UP_TIM10_IRQHandler
                0x08000258                TIM8_UP_TIM13_IRQHandler
                0x08000258                I2C3_ER_IRQHandler
                0x08000258                EXTI0_IRQHandler
                0x08000258                I2C2_EV_IRQHandler
                0x08000258                DMA1_Stream2_IRQHandler
                0x08000258                CAN1_RX0_IRQHandler
                0x08000258                FPU_IRQHandler
                0x08000258                OTG_HS_WKUP_IRQHandler
                0x08000258                UsageFault_Handler
                0x08000258                CAN2_SCE_IRQHandler
                0x08000258                DMA2_Stream2_IRQHandler
                0x08000258                SPI1_IRQHandler
                0x08000258                TIM6_DAC_IRQHandler
                0x08000258                TIM1_BRK_TIM9_IRQHandler
                0x08000258                DCMI_IRQHandler
                0x08000258                CAN2_RX0_IRQHandler
                0x08000258                DMA2_Stream3_IRQHandler
                0x08000258                USART6_IRQHandler
                0x08000258                USART3_IRQHandler
                0x08000258                CRYP_IRQHandler
                0x08000258                CAN1_RX1_IRQHandler
                0x08000258                UART5_IRQHandler
                0x08000258                DMA2_Stream0_IRQHandler
                0x08000258                TIM4_IRQHandler
                0x08000258                I2C1_EV_IRQHandler
                0x08000258                DMA1_Stream6_IRQHandler
                0x08000258                DMA1_Stream1_IRQHandler
                0x08000258                UART4_IRQHandler
                0x08000258                TIM3_IRQHandler
                0x08000258                RCC_IRQHandler
                0x08000258                TIM8_BRK_TIM12_IRQHandler
                0x08000258                EXTI15_10_IRQHandler
                0x08000258                ADC_IRQHandler
                0x08000258                DMA1_Stream7_IRQHandler
                0x08000258                TIM7_IRQHandler
                0x08000258                CAN2_TX_IRQHandler
                0x08000258                TIM5_IRQHandler
                0x08000258                DMA2_Stream7_IRQHandler
                0x08000258                I2C3_EV_IRQHandler
                0x08000258                EXTI9_5_IRQHandler
                0x08000258                RTC_WKUP_IRQHandler
                0x08000258                ETH_WKUP_IRQHandler
                0x08000258                SPI2_IRQHandler
                0x08000258                OTG_HS_EP1_IN_IRQHandler
                0x08000258                MemManage_Handler
                0x08000258                DMA1_Stream0_IRQHandler
                0x08000258                CAN1_TX_IRQHandler
                0x08000258                EXTI4_IRQHandler
                0x08000258                FSMC_IRQHandler
                0x08000258                ETH_IRQHandler
                0x08000258                OTG_HS_EP1_OUT_IRQHandler
                0x08000258                WWDG_IRQHandler
                0x08000258                TIM2_IRQHandler
                0x08000258                OTG_FS_WKUP_IRQHandler
                0x08000258                TIM1_TRG_COM_TIM11_IRQHandler
                0x08000258                OTG_HS_IRQHandler
                0x08000258                EXTI1_IRQHandler
                0x08000258                USART2_IRQHandler
                0x08000258                I2C2_ER_IRQHandler
                0x08000258                DMA2_Stream1_IRQHandler
                0x08000258                CAN1_SCE_IRQHandler
                0x08000258                FLASH_IRQHandler
                0x08000258                DMA2_Stream4_IRQHandler
                0x08000258                BusFault_Handler
                0x08000258                USART1_IRQHandler
                0x08000258                OTG_FS_IRQHandler
                0x08000258                SPI3_IRQHandler
                0x08000258                DMA1_Stream4_IRQHandler
                0x08000258                I2C1_ER_IRQHandler
                0x08000258                DMA2_Stream6_IRQHandler
                0x08000258                DMA1_Stream3_IRQHandler
 .text.main     0x08000260       0x4c ..\obj\main.o
                0x08000260                main
 .text.vFeederController
                0x080002ac       0xdc ..\obj\main.o
 .text.RCC_AHB1PeriphClockCmd
                0x08000388       0x3c ..\obj\stm32f4xx_rcc.o
                0x08000388                RCC_AHB1PeriphClockCmd
 .text.xTimerCreateTimerTask
                0x080003c4       0x58 ..\obj\timers.o
                0x080003c4                xTimerCreateTimerTask
 .text.xTimerGenericCommand
                0x0800041c       0x8c ..\obj\timers.o
                0x0800041c                xTimerGenericCommand
 .text.prvProcessExpiredTimer
                0x080004a8       0x70 ..\obj\timers.o
 .text.prvTimerTask
                0x08000518       0x24 ..\obj\timers.o
 .text.prvProcessTimerOrBlockTask
                0x0800053c       0x6c ..\obj\timers.o
 .text.prvGetNextExpireTime
                0x080005a8       0x48 ..\obj\timers.o
 .text.prvSampleTimeNow
                0x080005f0       0x40 ..\obj\timers.o
 .text.prvInsertTimerInActiveList
                0x08000630       0x84 ..\obj\timers.o
 .text.prvProcessReceivedCommands
                0x080006b4      0x110 ..\obj\timers.o
 .text.prvSwitchTimerLists
                0x080007c4       0xb0 ..\obj\timers.o
 .text.prvCheckForValidListAndQueue
                0x08000874       0x78 ..\obj\timers.o
 .text.PrintChar
                0x080008ec       0x18 ..\obj\printf.o
                0x080008ec                PrintChar
 .text.PutChar  0x08000904       0x20 ..\obj\printf.o
                0x08000904                PutChar
 .text.PutString
                0x08000924       0x3c ..\obj\printf.o
                0x08000924                PutString
 .text.PutUnsignedInt
                0x08000960       0xa0 ..\obj\printf.o
                0x08000960                PutUnsignedInt
 .text.PutSignedInt
                0x08000a00       0xfc ..\obj\printf.o
                0x08000a00                PutSignedInt
 .text.PutHexa  0x08000afc       0xd4 ..\obj\printf.o
                0x08000afc                PutHexa
 .text.vsnprintf
                0x08000bd0      0x254 ..\obj\printf.o
                0x08000bd0                vsnprintf
 .text.vsprintf
                0x08000e24       0x24 ..\obj\printf.o
                0x08000e24                vsprintf
 .text.vfprintf
                0x08000e48       0x68 ..\obj\printf.o
                0x08000e48                vfprintf
 .text.vprintf  0x08000eb0       0x28 ..\obj\printf.o
                0x08000eb0                vprintf
 .text.printf   0x08000ed8       0x28 ..\obj\printf.o
                0x08000ed8                printf
 .text.fputc    0x08000f00       0x40 ..\obj\printf.o
                0x08000f00                fputc
 .text.fputs    0x08000f40       0x48 ..\obj\printf.o
                0x08000f40                fputs
 .text.xTaskGenericCreate
                0x08000f88      0x168 ..\obj\tasks.o
                0x08000f88                xTaskGenericCreate
 .text.vTaskStartScheduler
                0x080010f0       0x70 ..\obj\tasks.o
                0x080010f0                vTaskStartScheduler
 .text.vTaskSuspendAll
                0x08001160       0x1c ..\obj\tasks.o
                0x08001160                vTaskSuspendAll
 .text.xTaskResumeAll
                0x0800117c      0x10c ..\obj\tasks.o
                0x0800117c                xTaskResumeAll
 .text.xTaskGetTickCount
                0x08001288       0x24 ..\obj\tasks.o
                0x08001288                xTaskGetTickCount
 .text.xTaskIncrementTick
                0x080012ac      0x170 ..\obj\tasks.o
                0x080012ac                xTaskIncrementTick
 .text.vTaskSwitchContext
                0x0800141c       0xa4 ..\obj\tasks.o
                0x0800141c                vTaskSwitchContext
 .text.vTaskPlaceOnEventList
                0x080014c0       0x6c ..\obj\tasks.o
                0x080014c0                vTaskPlaceOnEventList
 .text.vTaskPlaceOnEventListRestricted
                0x0800152c       0x50 ..\obj\tasks.o
                0x0800152c                vTaskPlaceOnEventListRestricted
 .text.xTaskRemoveFromEventList
                0x0800157c       0xb8 ..\obj\tasks.o
                0x0800157c                xTaskRemoveFromEventList
 .text.vTaskSetTimeOutState
                0x08001634       0x34 ..\obj\tasks.o
                0x08001634                vTaskSetTimeOutState
 .text.xTaskCheckForTimeOut
                0x08001668       0xa0 ..\obj\tasks.o
                0x08001668                xTaskCheckForTimeOut
 .text.vTaskMissedYield
                0x08001708       0x18 ..\obj\tasks.o
                0x08001708                vTaskMissedYield
 .text.prvIdleTask
                0x08001720       0x20 ..\obj\tasks.o
 .text.prvInitialiseTCBVariables
                0x08001740       0x90 ..\obj\tasks.o
 .text.prvInitialiseTaskLists
                0x080017d0       0x7c ..\obj\tasks.o
 .text.prvCheckTasksWaitingTermination
                0x0800184c       0x74 ..\obj\tasks.o
 .text.prvAddCurrentTaskToDelayedList
                0x080018c0       0x6c ..\obj\tasks.o
 .text.prvAllocateTCBAndStack
                0x0800192c       0x64 ..\obj\tasks.o
 .text.prvDeleteTCB
                0x08001990       0x20 ..\obj\tasks.o
 .text.prvResetNextTaskUnblockTime
                0x080019b0       0x48 ..\obj\tasks.o
 .text.xTaskGetCurrentTaskHandle
                0x080019f8       0x20 ..\obj\tasks.o
                0x080019f8                xTaskGetCurrentTaskHandle
 .text.xTaskGetSchedulerState
                0x08001a18       0x3c ..\obj\tasks.o
                0x08001a18                xTaskGetSchedulerState
 .text.vTaskPriorityInherit
                0x08001a54       0xbc ..\obj\tasks.o
                0x08001a54                vTaskPriorityInherit
 .text.vTaskPriorityDisinherit
                0x08001b10       0x84 ..\obj\tasks.o
                0x08001b10                vTaskPriorityDisinherit
 .text.GPIO_Init
                0x08001b94      0x11c ..\obj\stm32f4xx_gpio.o
                0x08001b94                GPIO_Init
 .text.GPIO_StructInit
                0x08001cb0       0x34 ..\obj\stm32f4xx_gpio.o
                0x08001cb0                GPIO_StructInit
 .text.GPIO_WriteBit
                0x08001ce4       0x30 ..\obj\stm32f4xx_gpio.o
                0x08001ce4                GPIO_WriteBit
 .text          0x08001d14       0x30 ..\obj\sh_cmd.o
                0x08001d14                SH_DoCommand
                0x08001d2a                HardFault_Handler
 .text.vListInitialise
                0x08001d44       0x40 ..\obj\list.o
                0x08001d44                vListInitialise
 .text.vListInitialiseItem
                0x08001d84       0x18 ..\obj\list.o
                0x08001d84                vListInitialiseItem
 .text.vListInsertEnd
                0x08001d9c       0x48 ..\obj\list.o
                0x08001d9c                vListInsertEnd
 .text.vListInsert
                0x08001de4       0x70 ..\obj\list.o
                0x08001de4                vListInsert
 .text.uxListRemove
                0x08001e54       0x54 ..\obj\list.o
                0x08001e54                uxListRemove
 .text.xQueueGenericReset
                0x08001ea8       0xb0 ..\obj\queue.o
                0x08001ea8                xQueueGenericReset
 .text.xQueueGenericCreate
                0x08001f58       0x84 ..\obj\queue.o
                0x08001f58                xQueueGenericCreate
 .text.xQueueGenericSend
                0x08001fdc      0x180 ..\obj\queue.o
                0x08001fdc                xQueueGenericSend
 .text.xQueueGenericSendFromISR
                0x0800215c       0xd4 ..\obj\queue.o
                0x0800215c                xQueueGenericSendFromISR
 .text.xQueueGenericReceive
                0x08002230      0x1bc ..\obj\queue.o
                0x08002230                xQueueGenericReceive
 .text.prvCopyDataToQueue
                0x080023ec       0xd0 ..\obj\queue.o
 .text.prvCopyDataFromQueue
                0x080024bc       0x4c ..\obj\queue.o
 .text.prvUnlockQueue
                0x08002508       0x98 ..\obj\queue.o
 .text.prvIsQueueEmpty
                0x080025a0       0x2c ..\obj\queue.o
 .text.prvIsQueueFull
                0x080025cc       0x30 ..\obj\queue.o
 .text.vQueueAddToRegistry
                0x080025fc       0x50 ..\obj\queue.o
                0x080025fc                vQueueAddToRegistry
 .text.vQueueWaitForMessageRestricted
                0x0800264c       0x58 ..\obj\queue.o
                0x0800264c                vQueueWaitForMessageRestricted
 .text.pxPortInitialiseStack
                0x080026a4       0x64 ..\obj\port.o
                0x080026a4                pxPortInitialiseStack
 .text.prvTaskExitError
                0x08002708       0x20 ..\obj\port.o
 .text.SVC_Handler
                0x08002728       0x20 ..\obj\port.o
                0x08002728                SVC_Handler
 .text.prvPortStartFirstTask
                0x08002748       0x1c ..\obj\port.o
 .text.xPortStartScheduler
                0x08002764       0xd0 ..\obj\port.o
                0x08002764                xPortStartScheduler
 .text.vPortYield
                0x08002834       0x20 ..\obj\port.o
                0x08002834                vPortYield
 .text.vPortEnterCritical
                0x08002854       0x20 ..\obj\port.o
                0x08002854                vPortEnterCritical
 .text.vPortExitCritical
                0x08002874       0x30 ..\obj\port.o
                0x08002874                vPortExitCritical
 .text.ulPortSetInterruptMask
                0x080028a4       0x14 ..\obj\port.o
                0x080028a4                ulPortSetInterruptMask
 .text.vPortClearInterruptMask
                0x080028b8        0x8 ..\obj\port.o
                0x080028b8                vPortClearInterruptMask
 .text.PendSV_Handler
                0x080028c0       0x58 ..\obj\port.o
                0x080028c0                PendSV_Handler
 .text.SysTick_Handler
                0x08002918       0x28 ..\obj\port.o
                0x08002918                SysTick_Handler
 .text.vPortSetupTimerInterrupt
                0x08002940       0x34 ..\obj\port.o
                0x08002940                vPortSetupTimerInterrupt
 .text.vPortEnableVFP
                0x08002974       0x14 ..\obj\port.o
 .text.vPortValidateInterruptPriority
                0x08002988       0x58 ..\obj\port.o
                0x08002988                vPortValidateInterruptPriority
 .text.pvPortMalloc
                0x080029e0      0x11c ..\obj\heap_2.o
                0x080029e0                pvPortMalloc
 .text.vPortFree
                0x08002afc       0x70 ..\obj\heap_2.o
                0x08002afc                vPortFree
 .text.prvHeapInit
                0x08002b6c       0x50 ..\obj\heap_2.o
 .text          0x08002bbc      0x134 c:/program files (x86)/gnu tools arm embedded/4.8 2014q2/bin/../lib/gcc/arm-none-eabi/4.8.4/../../../../arm-none-eabi/lib/armv7e-m/fpu\libg.a(lib_a-memcpy.o)
                0x08002bbc                memcpy
 .text.memset   0x08002cf0       0x94 c:/program files (x86)/gnu tools arm embedded/4.8 2014q2/bin/../lib/gcc/arm-none-eabi/4.8.4/../../../../arm-none-eabi/lib/armv7e-m/fpu\libg.a(lib_a-memset.o)
                0x08002cf0                memset
 *(.init)
 *(.fini)
 *crtbegin.o(.ctors)
 *crtbegin?.o(.ctors)
 *(EXCLUDE_FILE(*crtend.o *crtend?.o) .ctors)
 *(SORT(.ctors.*))
 *(.ctors)
 *crtbegin.o(.dtors)
 *crtbegin?.o(.dtors)
 *(EXCLUDE_FILE(*crtend.o *crtend?.o) .dtors)
 *(SORT(.dtors.*))
 *(.dtors)
 *(.rodata*)
 .rodata        0x08002d84       0x28 ..\obj\main.o
 .rodata        0x08002dac       0x10 ..\obj\timers.o
 .rodata        0x08002dbc       0x24 ..\obj\printf.o
 .rodata        0x08002de0        0x8 ..\obj\tasks.o
 *(.eh_fram e*)

.glue_7         0x08002de8        0x0
 .glue_7        0x00000000        0x0 linker stubs

.glue_7t        0x08002de8        0x0
 .glue_7t       0x00000000        0x0 linker stubs

.vfp11_veneer   0x08002de8        0x0
 .vfp11_veneer  0x00000000        0x0 linker stubs

.v4_bx          0x08002de8        0x0
 .v4_bx         0x00000000        0x0 linker stubs

.iplt           0x08002de8        0x0
 .iplt          0x00000000        0x0 ..\obj\semihosting.o

.rel.dyn        0x08002de8        0x0
 .rel.iplt      0x00000000        0x0 ..\obj\semihosting.o

.ARM.extab
 *(.ARM.extab* .gnu.linkonce.armextab.*)
                0x08002de8                __exidx_start = .

.ARM.exidx
 *(.ARM.exidx* .gnu.linkonce.armexidx.*)
                0x08002de8                __exidx_end = .
                0x08002de8                __etext = .
                0x08002de8                _sidata = __etext

.data           0x20000000      0x450 load address 0x08002de8
                0x20000000                __data_start__ = .
                0x20000000                _sdata = __data_start__
 *(vtable)
 *(.data*)
 .data          0x20000000      0x430 ..\obj\printf.o
                0x20000000                r
                0x20000428                _impure_ptr
 .data          0x20000430        0x4 ..\obj\tasks.o
 .data          0x20000434       0x14 ..\obj\system_stm32f4xx.o
                0x20000434                SystemCoreClock
                0x20000438                AHBPrescTable
 .data          0x20000448        0x4 ..\obj\port.o
 .data          0x2000044c        0x4 ..\obj\heap_2.o
                0x20000450                . = ALIGN (0x4)
                0x20000450                PROVIDE (__preinit_array_start, .)
 *(.preinit_array)
                0x20000450                PROVIDE (__preinit_array_end, .)
                0x20000450                . = ALIGN (0x4)
                0x20000450                PROVIDE (__init_array_start, .)
 *(SORT(.init_array.*))
 *(.init_array)
                0x20000450                PROVIDE (__init_array_end, .)
                0x20000450                . = ALIGN (0x4)
                0x20000450                PROVIDE (__fini_array_start, .)
 *(SORT(.fini_array.*))
 *(.fini_array)
                0x20000450                PROVIDE (__fini_array_end, .)
 *(.jcr*)
                0x20000450                . = ALIGN (0x4)
                0x20000450                __data_end__ = .
                0x20000450                _edata = __data_end__

.igot.plt       0x20000450        0x0 load address 0x08003238
 .igot.plt      0x00000000        0x0 ..\obj\semihosting.o

.bss            0x20000450    0x12db0 load address 0x08003238
                0x20000450                . = ALIGN (0x4)
                0x20000450                __bss_start__ = .
                0x20000450                _sbss = __bss_start__
 *(.bss*)
 .bss           0x20000450       0x14 ..\obj\semihosting.o
 .bss           0x20000464        0xc ..\obj\main.o
 .bss           0x20000470       0x38 ..\obj\timers.o
 .bss           0x200004a8       0xfc ..\obj\tasks.o
                0x200004a8                pxCurrentTCB
 .bss           0x200005a4        0x8 ..\obj\port.o
 .bss           0x200005ac    0x12c14 ..\obj\heap_2.o
 *(COMMON)
 COMMON         0x200131c0       0x40 ..\obj\queue.o
                0x200131c0                xQueueRegistry
                0x20013200                . = ALIGN (0x4)
                0x20013200                __bss_end__ = .
                0x20013200                _ebss = __bss_end__

.heap           0x20013200        0x0
                0x20013200                __end__ = .
                0x20013200                _end = __end__
                0x20013200                end = __end__
 *(.heap*)
                0x20013200                __HeapLimit = .

.co_stack       0x20013200      0x800 load address 0x08015fe8
                0x20013200                . = ALIGN (0x8)
 *(.co_stack .co_stack.*)
 .co_stack      0x20013200      0x800 ..\obj\startup_stm32f4xx.o
                0x20013200                pulStack
                0x20020000                __StackTop = (ORIGIN (ram) + 0x20000)
                0x2001f800                __StackLimit = (__StackTop - SIZEOF (.co_stack))
                0x20020000                PROVIDE (__stack, __StackTop)
                0x00000001                ASSERT ((__StackLimit >= __HeapLimit), region ram  overflowed with stack)
LOAD ..\obj\semihosting.o
LOAD ..\obj\stm32f4xx_syscfg.o
LOAD ..\obj\startup_stm32f4xx.o
LOAD ..\obj\main.o
LOAD ..\obj\stm32f4xx_rcc.o
LOAD ..\obj\timers.o
LOAD ..\obj\printf.o
LOAD ..\obj\tasks.o
LOAD ..\obj\stm32f4xx_gpio.o
LOAD ..\obj\sh_cmd.o
LOAD ..\obj\list.o
LOAD ..\obj\system_stm32f4xx.o
LOAD ..\obj\syscalls.o
LOAD ..\obj\queue.o
LOAD ..\obj\port.o
LOAD ..\obj\stm32f4xx_exti.o
LOAD ..\obj\heap_2.o
START GROUP
LOAD c:/program files (x86)/gnu tools arm embedded/4.8 2014q2/bin/../lib/gcc/arm-none-eabi/4.8.4/armv7e-m/fpu\libgcc.a
LOAD c:/program files (x86)/gnu tools arm embedded/4.8 2014q2/bin/../lib/gcc/arm-none-eabi/4.8.4/../../../../arm-none-eabi/lib/armv7e-m/fpu\libg.a
LOAD c:/program files (x86)/gnu tools arm embedded/4.8 2014q2/bin/../lib/gcc/arm-none-eabi/4.8.4/../../../../arm-none-eabi/lib/armv7e-m/fpu\libc.a
END GROUP
OUTPUT(FreeRTOS-CooCox.elf elf32-littlearm)

.debug_info     0x00000000     0x59e7
 .debug_info    0x00000000      0x12b ..\obj\semihosting.o
 .debug_info    0x0000012b       0xed ..\obj\startup_stm32f4xx.o
 .debug_info    0x00000218      0x32c ..\obj\main.o
 .debug_info    0x00000544      0xc4d ..\obj\stm32f4xx_rcc.o
 .debug_info    0x00001191      0x7ed ..\obj\timers.o
 .debug_info    0x0000197e      0xe38 ..\obj\printf.o
 .debug_info    0x000027b6     0x11a9 ..\obj\tasks.o
 .debug_info    0x0000395f      0x602 ..\obj\stm32f4xx_gpio.o
 .debug_info    0x00003f61       0xab ..\obj\sh_cmd.o
 .debug_info    0x0000400c      0x299 ..\obj\list.o
 .debug_info    0x000042a5      0x592 ..\obj\system_stm32f4xx.o
 .debug_info    0x00004837      0xba7 ..\obj\queue.o
 .debug_info    0x000053de      0x331 ..\obj\port.o
 .debug_info    0x0000570f      0x2d8 ..\obj\heap_2.o

.debug_abbrev   0x00000000     0x12f9
 .debug_abbrev  0x00000000       0xab ..\obj\semihosting.o
 .debug_abbrev  0x000000ab       0xb0 ..\obj\startup_stm32f4xx.o
 .debug_abbrev  0x0000015b      0x147 ..\obj\main.o
 .debug_abbrev  0x000002a2      0x1e3 ..\obj\stm32f4xx_rcc.o
 .debug_abbrev  0x00000485      0x186 ..\obj\timers.o
 .debug_abbrev  0x0000060b      0x27e ..\obj\printf.o
 .debug_abbrev  0x00000889      0x224 ..\obj\tasks.o
 .debug_abbrev  0x00000aad      0x1a3 ..\obj\stm32f4xx_gpio.o
 .debug_abbrev  0x00000c50       0x14 ..\obj\sh_cmd.o
 .debug_abbrev  0x00000c64       0xbc ..\obj\list.o
 .debug_abbrev  0x00000d20      0x136 ..\obj\system_stm32f4xx.o
 .debug_abbrev  0x00000e56      0x1b8 ..\obj\queue.o
 .debug_abbrev  0x0000100e      0x19b ..\obj\port.o
 .debug_abbrev  0x000011a9      0x150 ..\obj\heap_2.o

.debug_aranges  0x00000000      0x790
 .debug_aranges
                0x00000000       0x30 ..\obj\semihosting.o
 .debug_aranges
                0x00000030       0x28 ..\obj\startup_stm32f4xx.o
 .debug_aranges
                0x00000058       0x28 ..\obj\main.o
 .debug_aranges
                0x00000080      0x178 ..\obj\stm32f4xx_rcc.o
 .debug_aranges
                0x000001f8       0x90 ..\obj\timers.o
 .debug_aranges
                0x00000288       0xa0 ..\obj\printf.o
 .debug_aranges
                0x00000328      0x180 ..\obj\tasks.o
 .debug_aranges
                0x000004a8       0x88 ..\obj\stm32f4xx_gpio.o
 .debug_aranges
                0x00000530       0x20 ..\obj\sh_cmd.o
 .debug_aranges
                0x00000550       0x40 ..\obj\list.o
 .debug_aranges
                0x00000590       0x30 ..\obj\system_stm32f4xx.o
 .debug_aranges
                0x000005c0       0xf8 ..\obj\queue.o
 .debug_aranges
                0x000006b8       0x98 ..\obj\port.o
 .debug_aranges
                0x00000750       0x40 ..\obj\heap_2.o

.debug_ranges   0x00000000      0x6a0
 .debug_ranges  0x00000000       0x20 ..\obj\semihosting.o
 .debug_ranges  0x00000020       0x18 ..\obj\startup_stm32f4xx.o
 .debug_ranges  0x00000038       0x18 ..\obj\main.o
 .debug_ranges  0x00000050      0x168 ..\obj\stm32f4xx_rcc.o
 .debug_ranges  0x000001b8       0x80 ..\obj\timers.o
 .debug_ranges  0x00000238       0x90 ..\obj\printf.o
 .debug_ranges  0x000002c8      0x170 ..\obj\tasks.o
 .debug_ranges  0x00000438       0x78 ..\obj\stm32f4xx_gpio.o
 .debug_ranges  0x000004b0       0x30 ..\obj\list.o
 .debug_ranges  0x000004e0       0x20 ..\obj\system_stm32f4xx.o
 .debug_ranges  0x00000500       0xe8 ..\obj\queue.o
 .debug_ranges  0x000005e8       0x88 ..\obj\port.o
 .debug_ranges  0x00000670       0x30 ..\obj\heap_2.o

.debug_line     0x00000000     0x324a
 .debug_line    0x00000000       0xad ..\obj\semihosting.o
 .debug_line    0x000000ad       0xa4 ..\obj\startup_stm32f4xx.o
 .debug_line    0x00000151      0x29c ..\obj\main.o
 .debug_line    0x000003ed      0x5b1 ..\obj\stm32f4xx_rcc.o
 .debug_line    0x0000099e      0x410 ..\obj\timers.o
 .debug_line    0x00000dae      0x39b ..\obj\printf.o
 .debug_line    0x00001149      0xa91 ..\obj\tasks.o
 .debug_line    0x00001bda      0x356 ..\obj\stm32f4xx_gpio.o
 .debug_line    0x00001f30       0x84 ..\obj\sh_cmd.o
 .debug_line    0x00001fb4      0x279 ..\obj\list.o
 .debug_line    0x0000222d      0x1fb ..\obj\system_stm32f4xx.o
 .debug_line    0x00002428      0x7d2 ..\obj\queue.o
 .debug_line    0x00002bfa      0x378 ..\obj\port.o
 .debug_line    0x00002f72      0x2d8 ..\obj\heap_2.o

.debug_str      0x00000000     0x2a58
 .debug_str     0x00000000      0x176 ..\obj\semihosting.o
                                0x1af (size before relaxing)
 .debug_str     0x00000176       0xb2 ..\obj\startup_stm32f4xx.o
                                0x16c (size before relaxing)
 .debug_str     0x00000228      0x287 ..\obj\main.o
                                0x3d8 (size before relaxing)
 .debug_str     0x000004af      0x6b1 ..\obj\stm32f4xx_rcc.o
                                0x875 (size before relaxing)
 .debug_str     0x00000b60      0x4a2 ..\obj\timers.o
                                0x67e (size before relaxing)
 .debug_str     0x00001002      0x4ca ..\obj\printf.o
                                0x690 (size before relaxing)
 .debug_str     0x000014cc      0x977 ..\obj\tasks.o
                                0xbf1 (size before relaxing)
 .debug_str     0x00001e43      0x193 ..\obj\stm32f4xx_gpio.o
                                0x4c8 (size before relaxing)
 .debug_str     0x00001fd6       0xda ..\obj\list.o
                                0x2d1 (size before relaxing)
 .debug_str     0x000020b0      0x11a ..\obj\system_stm32f4xx.o
                                0x3cf (size before relaxing)
 .debug_str     0x000021ca      0x48f ..\obj\queue.o
                                0x763 (size before relaxing)
 .debug_str     0x00002659      0x26b ..\obj\port.o
                                0x429 (size before relaxing)
 .debug_str     0x000028c4      0x194 ..\obj\heap_2.o
                                0x31c (size before relaxing)

.comment        0x00000000       0x70
 .comment       0x00000000       0x70 ..\obj\semihosting.o
                                 0x71 (size before relaxing)
 .comment       0x00000000       0x71 ..\obj\startup_stm32f4xx.o
 .comment       0x00000000       0x71 ..\obj\main.o
 .comment       0x00000000       0x71 ..\obj\stm32f4xx_rcc.o
 .comment       0x00000000       0x71 ..\obj\timers.o
 .comment       0x00000000       0x71 ..\obj\printf.o
 .comment       0x00000000       0x71 ..\obj\tasks.o
 .comment       0x00000000       0x71 ..\obj\stm32f4xx_gpio.o
 .comment       0x00000000       0x71 ..\obj\list.o
 .comment       0x00000000       0x71 ..\obj\system_stm32f4xx.o
 .comment       0x00000000       0x71 ..\obj\queue.o
 .comment       0x00000000       0x71 ..\obj\port.o
 .comment       0x00000000       0x71 ..\obj\heap_2.o

.ARM.attributes
                0x00000000       0x37
 .ARM.attributes
                0x00000000       0x39 ..\obj\semihosting.o
 .ARM.attributes
                0x00000039       0x39 ..\obj\startup_stm32f4xx.o
 .ARM.attributes
                0x00000072       0x39 ..\obj\main.o
 .ARM.attributes
                0x000000ab       0x39 ..\obj\stm32f4xx_rcc.o
 .ARM.attributes
                0x000000e4       0x39 ..\obj\timers.o
 .ARM.attributes
                0x0000011d       0x39 ..\obj\printf.o
 .ARM.attributes
                0x00000156       0x39 ..\obj\tasks.o
 .ARM.attributes
                0x0000018f       0x39 ..\obj\stm32f4xx_gpio.o
 .ARM.attributes
                0x000001c8       0x25 ..\obj\sh_cmd.o
 .ARM.attributes
                0x000001ed       0x39 ..\obj\list.o
 .ARM.attributes
                0x00000226       0x39 ..\obj\system_stm32f4xx.o
 .ARM.attributes
                0x0000025f       0x39 ..\obj\queue.o
 .ARM.attributes
                0x00000298       0x39 ..\obj\port.o
 .ARM.attributes
                0x000002d1       0x39 ..\obj\heap_2.o
 .ARM.attributes
                0x0000030a       0x20 c:/program files (x86)/gnu tools arm embedded/4.8 2014q2/bin/../lib/gcc/arm-none-eabi/4.8.4/../../../../arm-none-eabi/lib/armv7e-m/fpu\libg.a(lib_a-memcpy.o)
 .ARM.attributes
                0x0000032a       0x34 c:/program files (x86)/gnu tools arm embedded/4.8 2014q2/bin/../lib/gcc/arm-none-eabi/4.8.4/../../../../arm-none-eabi/lib/armv7e-m/fpu\libg.a(lib_a-memset.o)

.debug_frame    0x00000000     0x17e8
 .debug_frame   0x00000000       0x70 ..\obj\semihosting.o
 .debug_frame   0x00000070       0x48 ..\obj\startup_stm32f4xx.o
 .debug_frame   0x000000b8       0x50 ..\obj\main.o
 .debug_frame   0x00000108      0x4d8 ..\obj\stm32f4xx_rcc.o
 .debug_frame   0x000005e0      0x1e0 ..\obj\timers.o
 .debug_frame   0x000007c0      0x248 ..\obj\printf.o
 .debug_frame   0x00000a08      0x578 ..\obj\tasks.o
 .debug_frame   0x00000f80      0x19c ..\obj\stm32f4xx_gpio.o
 .debug_frame   0x0000111c       0x9c ..\obj\list.o
 .debug_frame   0x000011b8       0x64 ..\obj\system_stm32f4xx.o
 .debug_frame   0x0000121c      0x37c ..\obj\queue.o
 .debug_frame   0x00001598      0x188 ..\obj\port.o
 .debug_frame   0x00001720       0x9c ..\obj\heap_2.o
 .debug_frame   0x000017bc       0x2c c:/program files (x86)/gnu tools arm embedded/4.8 2014q2/bin/../lib/gcc/arm-none-eabi/4.8.4/../../../../arm-none-eabi/lib/armv7e-m/fpu\libg.a(lib_a-memset.o)
